2026-05-05 13:05:36,859 — INFO — Exchange rate extracted: 1 USD = 1,369.75 NGN (live API)
2026-05-05 13:05:37,603 — INFO — World Bank CPI data extracted: 29 annual records (1996–2024)
2026-05-05 13:05:38,040 — INFO — Food prices loaded: 87,325 rows from 'wfp_food_prices_nga.csv'
2026-05-05 13:05:38,273 — INFO — Food data cleaned: 87,325 valid rows remain
2026-05-05 13:05:38,400 — INFO — Aggregated to 5,136 monthly records | 43 commodities | 2002-01-01 -> 2026-04-01
2026-05-05 13:05:38,480 — INFO — Feature engineering complete — new columns: mom_change_pct, yoy_change_pct, rolling_3m_avg, inflation_severity
2026-05-05 13:05:38,515 — INFO — Affordability layer built | 50 months where low-income basket > 60% of NMW
2026-05-05 13:05:38,602 — INFO — Exported [food_prices] -> outputs\powerbi_food_prices.csv (487.0 KB)
2026-05-05 13:05:38,602 — INFO — Exported [basket] -> outputs\powerbi_basket.csv (10.0 KB)
2026-05-05 13:05:38,602 — INFO — Exported [inflation_annual] -> outputs\powerbi_inflation_wb.csv (0.7 KB)
2026-05-05 13:05:38,663 — INFO — ============================================================
2026-05-05 13:05:38,664 — INFO — NaijaPrice Watch pipeline STARTED
2026-05-05 13:05:38,664 — INFO — ============================================================
2026-05-05 13:05:38,664 — INFO — [1/4] EXTRACT
2026-05-05 13:05:39,324 — INFO — Exchange rate extracted: 1 USD = 1,369.75 NGN (live API)
2026-05-05 13:05:40,107 — INFO — World Bank CPI data extracted: 29 annual records (1996–2024)
2026-05-05 13:05:40,406 — INFO — Food prices loaded: 87,325 rows from 'wfp_food_prices_nga.csv'
2026-05-05 13:05:40,412 — INFO — [2/4] TRANSFORM
2026-05-05 13:05:40,604 — INFO — Food data cleaned: 87,325 valid rows remain
2026-05-05 13:05:40,682 — INFO — Aggregated to 5,136 monthly records | 43 commodities | 2002-01-01 -> 2026-04-01
2026-05-05 13:05:40,722 — INFO — Feature engineering complete — new columns: mom_change_pct, yoy_change_pct, rolling_3m_avg, inflation_severity
2026-05-05 13:05:40,737 — INFO — Affordability layer built | 50 months where low-income basket > 60% of NMW
2026-05-05 13:05:40,737 — INFO — [3/4] VALIDATE
2026-05-05 13:05:40,741 — INFO — Validating 'food_prices': shape (5136, 7)
2026-05-05 13:05:40,750 — WARNING — [food_prices] Columns with nulls:
mom_change_pct         43
yoy_change_pct        509
rolling_3m_avg         43
inflation_severity    509
2026-05-05 13:05:40,753 — INFO — [food_prices] OK All prices > 0
2026-05-05 13:05:40,767 — INFO — [food_prices] OK No duplicate rows
2026-05-05 13:05:40,769 — INFO — Validation for 'food_prices': PASSED
2026-05-05 13:05:40,770 — INFO — Validating 'basket': shape (262, 4)
2026-05-05 13:05:40,770 — INFO — [basket] OK No null values in key columns
2026-05-05 13:05:40,779 — INFO — [basket] OK No duplicate rows
2026-05-05 13:05:40,783 — INFO — Validation for 'basket': PASSED
2026-05-05 13:05:40,785 — INFO — [4/4] LOAD
2026-05-05 13:05:40,925 — INFO — Exported [food_prices] -> outputs\powerbi_food_prices.csv (487.0 KB)
2026-05-05 13:05:40,926 — INFO — Exported [basket] -> outputs\powerbi_basket.csv (10.0 KB)
2026-05-05 13:05:40,926 — INFO — Exported [inflation_annual] -> outputs\powerbi_inflation_wb.csv (0.7 KB)
2026-05-05 13:05:40,949 — INFO — Pipeline COMPLETED in 2.3 seconds
2026-05-05 13:05:40,951 — INFO — Log saved to: logs\pipeline_20260505_130535.log
2026-05-05 13:05:40,952 — INFO — Output [food_prices]: outputs\powerbi_food_prices.csv
2026-05-05 13:05:40,952 — INFO — Output [basket]: outputs\powerbi_basket.csv
2026-05-05 13:05:40,952 — INFO — Output [inflation_annual]: outputs\powerbi_inflation_wb.csv
